// Jest Snapshot v1, https://goo.gl/fbAQLP

exports[`test on SearchPage component should render with default correct values 1`] = `
<div>
  <div
    class="animate__animated animate__fadeIn animate__fast"
  >
    <h1>
      Search
    </h1>
    <hr />
    <div
      class="row"
    >
      <div
        class="col-5"
      >
        <h4>
          Searching
        </h4>
        <hr />
        <form
          aria-label="form"
        >
          <input
            autocomplete="off"
            class="form-control"
            name="searchText"
            placeholder="Search a hero"
            type="text"
            value=""
          />
          <button
            class="btn btn-outline-primary mt-3"
          >
            Send
          </button>
        </form>
      </div>
      <div
        class="col-7"
      >
        <h4>
          Results
        </h4>
        <hr />
        <div
          class="alert alert-primary animate__animated animate__zoomIn"
        >
          Search a hero
        </div>
      </div>
    </div>
  </div>
</div>
`;
